Microchip MPLAB XC8 Compiler V2.31

Linker command line:

-W-3 --edf=C:\Program Files\Microchip\xc8\v2.31\pic\dat\en_msgs.txt -cn \
  -h+dist/default/production\master.X.production.sym \
  --cmf=dist/default/production\master.X.production.cmf -z -Q16F887 \
  -oC:\Users\danie\AppData\Local\Temp\sd6c.2 --defsym=__MPLAB_BUILD=1 \
  -Mdist/default/production/master.X.production.map -E1 -ver=XC8 Compiler \
  --acfsm=1493 -ASTACK=0110h-016Fh -pstack=STACK -ACODE=00h-07FFhx4 \
  -ASTRCODE=00h-01FFFh -ASTRING=00h-0FFhx32 -ACONST=00h-0FFhx32 \
  -AENTRY=00h-0FFhx32 -ACOMMON=070h-07Fh -ABANK0=020h-06Fh \
  -ABANK1=0A0h-0EFh -ABANK2=0110h-016Fh -ABANK3=0190h-01EFh \
  -ARAM=020h-06Fh,0A0h-0EFh,0110h-016Fh,0190h-01EFh \
  -AABS1=020h-07Fh,0A0h-0EFh,0110h-016Fh,0190h-01EFh -ASFR0=00h-01Fh \
  -ASFR1=080h-09Fh -ASFR2=0100h-010Fh -ASFR3=0180h-018Fh \
  -ACONFIG=02007h-02008h -DCONFIG=2 -AIDLOC=02000h-02003h -DIDLOC=2 \
  -AEEDATA=00h-0FFh/02100h -peeprom_data=EEDATA -DEEDATA=2 -DCODE=2 \
  -DSTRCODE=2 -DSTRING=2 -DCONST=2 -DENTRY=2 \
  -preset_vec=00h,intentry=04h,init,end_init -ppowerup=CODE -pcinit=CODE \
  -pfunctab=ENTRY -k C:\Users\danie\AppData\Local\Temp\sd6c.o \
  dist/default/production\master.X.production.o 

Object code version is 3.11

Machine type is 16F887



                Name                               Link     Load   Length Selector   Space Scale
C:\Users\danie\AppData\Local\Temp\sd6c.o
                end_init                              C        C        3        8       0
                reset_vec                             0        0        3        0       0
                config                             2007     2007        2        0       4
dist/default/production\master.X.production.o
                cinit                                 F        F       11        8       0
                intentry                              4        4        8        8       0
                config                             2007     2007        2        0       4
                text14                              1BB      1BB       5A        8       0
                text13                              385      385        D        8       0
                text12                              2E0      2E0       2E        8       0
                text11                              3A5      3A5        9        8       0
                text10                              39C      39C        9        8       0
                text9                               392      392        A        8       0
                text8                               25F      25F       47        8       0
                text7                                EA       EA       69        8       0
                text6                               33B      33B       2D        8       0
                text5                               30E      30E       2D        8       0
                text4                               153      153       68        8       0
                text3                               2A6      2A6       3A        8       0
                text2                               368      368       1D        8       0
                text1                               215      215       4A        8       0
                maintext                             20       20       CA        8       0
                cstackBANK0                          20       20       14       20       1
                cstackCOMMON                         70       70        A       70       1
                bssBANK0                             34       34        A       20       1
                bssCOMMON                            7A       7A        1       70       1
                nvBANK0                              3E       3E        2       20       1

TOTAL           Name                               Link     Load   Length     Space
        CLASS   STACK          

        CLASS   CODE           
                end_init                              C        C        3         0
                cinit                                 F        F       11         0
                intentry                              4        4        8         0
                reset_vec                             0        0        3         0
                text14                              1BB      1BB       5A         0
                text13                              385      385        D         0
                text12                              2E0      2E0       2E         0
                text11                              3A5      3A5        9         0
                text10                              39C      39C        9         0
                text9                               392      392        A         0
                text8                               25F      25F       47         0
                text7                                EA       EA       69         0
                text6                               33B      33B       2D         0
                text5                               30E      30E       2D         0
                text4                               153      153       68         0
                text3                               2A6      2A6       3A         0
                text2                               368      368       1D         0
                text1                               215      215       4A         0
                maintext                             20       20       CA         0

        CLASS   STRCODE        

        CLASS   STRING         

        CLASS   CONST          

        CLASS   ENTRY          

        CLASS   COMMON         
                cstackCOMMON                         70       70        A         1
                bssCOMMON                            7A       7A        1         1

        CLASS   BANK0          
                cstackBANK0                          20       20       14         1
                bssBANK0                             34       34        A         1
                nvBANK0                              3E       3E        2         1

        CLASS   BANK1          

        CLASS   BANK2          

        CLASS   BANK3          

        CLASS   RAM            

        CLASS   ABS1           
                abs_s1                               7E       7E        2         1

        CLASS   SFR0           

        CLASS   SFR1           

        CLASS   SFR2           

        CLASS   SFR3           

        CLASS   CONFIG         
                config                             2007     2007        2         4

        CLASS   IDLOC          

        CLASS   EEDATA         



SEGMENTS        Name                           Load    Length   Top    Selector   Space  Class     Delta

                reset_vec                      000000  000003  000003         0       0  CODE        2
                intentry                       000004  0003AA  0003AE         8       0  CODE        2
                cstackBANK0                    000020  000020  000040        20       1  BANK0       1
                cstackCOMMON                   000070  00000B  00007B        70       1  COMMON      1


UNUSED ADDRESS RANGES

        Name                Unused          Largest block    Delta
        BANK0            0040-006F             30           1
        BANK1            00A0-00EF             50           1
        BANK2            0110-016F             60           1
        BANK3            0190-01EF             60           1
        CODE             0003-0003              1           2
                         03AE-1FFF            800
        COMMON           007B-007D              3           1
        CONST            0003-0003              1           2
                         03AE-1FFF            100
        EEDATA           2100-21FF            100           2
        ENTRY            0003-0003              1           2
                         03AE-1FFF            100
        IDLOC            2000-2003              4           2
        RAM              0040-006F             30           1
                         00A0-00EF             50
                         0110-016F             60
                         0190-01EF             60
        SFR0             0000-001F             20           1
        SFR1             0080-009F             20           1
        SFR2             0100-010F             10           1
        SFR3             0180-018F             10           1
        STACK            0110-016F             60           1
        STRCODE          0003-0003              1           2
                         03AE-1FFF           1C52
        STRING           0003-0003              1           2
                         03AE-1FFF            100

                                  Symbol Table

?_ADXL345_READ             cstackBANK0  0020
?_I2C_Master_Read          cstackCOMMON 0073
?___awdiv                  cstackCOMMON 0073
?___lldiv                  cstackBANK0  0020
ADXL345_READ@leido         cstackBANK0  0025
ADXL345_READ@var           cstackBANK0  0024
ADXL345_WRITE@data         cstackCOMMON 0075
ADXL345_WRITE@var          cstackCOMMON 0078
I2C_Master_Init@c          cstackBANK0  0028
I2C_Master_Read@a          cstackCOMMON 0073
I2C_Master_Read@temp       cstackCOMMON 0077
I2C_Master_Write@d         cstackCOMMON 0073
_ADXL345_READ              text8        025F
_ADXL345_WRITE             text6        033B
_ADXL345_init              text5        030E
_ANSEL                     (abs)        0188
_ANSELH                    (abs)        0189
_BAUDCTLbits               (abs)        0187
_CONTX                     bssBANK0     0035
_GIE                       (abs)        005F
_I2C_Master_Init           text3        02A6
_I2C_Master_Read           text12       02E0
_I2C_Master_Start          text11       03A5
_I2C_Master_Stop           text10       039C
_I2C_Master_Wait           text13       0385
_I2C_Master_Write          text9        0392
_INTCONbits                (abs)        000B
_OPTION_REGbits            (abs)        0081
_PEIE                      (abs)        005E
_PIE1bits                  (abs)        008C
_PIR1bits                  (abs)        000C
_PORTA                     (abs)        0005
_PORTB                     (abs)        0006
_PORTD                     (abs)        0008
_PORTE                     (abs)        0009
_RCREG                     (abs)        001A
_RCSTAbits                 (abs)        0018
_SPBRG                     (abs)        0099
_SPBRGH                    (abs)        009A
_SSPADD                    (abs)        0093
_SSPBUF                    (abs)        0013
_SSPCON                    (abs)        0014
_SSPCON2                   (abs)        0091
_SSPCON2bits               (abs)        0091
_SSPIE                     (abs)        0463
_SSPIF                     (abs)        0063
_SSPSTAT                   (abs)        0094
_TMR0                      (abs)        0001
_TRISA                     (abs)        0085
_TRISB                     (abs)        0086
_TRISC3                    (abs)        043B
_TRISC4                    (abs)        043C
_TRISCbits                 (abs)        0087
_TRISD                     (abs)        0088
_TRISE                     (abs)        0089
_TXIE                      (abs)        0464
_TXIF                      (abs)        0064
_TXREG                     (abs)        0019
_TXSTAbits                 (abs)        0098
__Habs1                    abs1         0000
__Hbank0                   bank0        0000
__Hbank1                   bank1        0000
__Hbank2                   bank2        0000
__Hbank3                   bank3        0000
__HbssBANK0                bssBANK0     0000
__HbssCOMMON               bssCOMMON    0000
__Hcinit                   cinit        0020
__Hclrtext                 clrtext      0000
__Hcode                    code         0000
__Hcommon                  common       0000
__Hconfig                  config       2009
__HcstackBANK0             cstackBANK0  0000
__HcstackCOMMON            cstackCOMMON 0000
__Heeprom_data             eeprom_data  0000
__Hend_init                end_init     000F
__Hfunctab                 functab      0000
__Hinit                    init         000C
__Hintentry                intentry     000C
__Hmaintext                maintext     0000
__HnvBANK0                 nvBANK0      0000
__Hpowerup                 powerup      0000
__Hram                     ram          0000
__Hreset_vec               reset_vec    0003
__Hsfr0                    sfr0         0000
__Hsfr1                    sfr1         0000
__Hsfr2                    sfr2         0000
__Hsfr3                    sfr3         0000
__Hspace_0                 (abs)        03AE
__Hspace_1                 (abs)        007B
__Hspace_2                 (abs)        0000
__Hspace_3                 (abs)        0000
__Hspace_4                 (abs)        4010
__Hstack                   stack        0000
__Hstrings                 strings      0000
__Htext                    text         0000
__Labs1                    abs1         0000
__Lbank0                   bank0        0000
__Lbank1                   bank1        0000
__Lbank2                   bank2        0000
__Lbank3                   bank3        0000
__LbssBANK0                bssBANK0     0000
__LbssCOMMON               bssCOMMON    0000
__Lcinit                   cinit        000F
__Lclrtext                 clrtext      0000
__Lcode                    code         0000
__Lcommon                  common       0000
__Lconfig                  config       0000
__LcstackBANK0             cstackBANK0  0000
__LcstackCOMMON            cstackCOMMON 0000
__Leeprom_data             eeprom_data  0000
__Lend_init                end_init     000C
__Lfunctab                 functab      0000
__Linit                    init         000C
__Lintentry                intentry     0004
__Lmaintext                maintext     0000
__LnvBANK0                 nvBANK0      0000
__Lpowerup                 powerup      0000
__Lram                     ram          0000
__Lreset_vec               reset_vec    0000
__Lsfr0                    sfr0         0000
__Lsfr1                    sfr1         0000
__Lsfr2                    sfr2         0000
__Lsfr3                    sfr3         0000
__Lspace_0                 (abs)        0000
__Lspace_1                 (abs)        0000
__Lspace_2                 (abs)        0000
__Lspace_3                 (abs)        0000
__Lspace_4                 (abs)        0000
__Lstack                   stack        0000
__Lstrings                 strings      0000
__Ltext                    text         0000
__S0                       (abs)        03AE
__S1                       (abs)        007B
__S2                       (abs)        0000
__S3                       (abs)        0000
___awdiv                   text7        00EA
___awdiv@counter           cstackBANK0  0020
___awdiv@dividend          cstackCOMMON 0075
___awdiv@divisor           cstackCOMMON 0073
___awdiv@quotient          cstackBANK0  0022
___awdiv@sign              cstackBANK0  0021
___int_sp                  stack        0000
___latbits                 (abs)        0002
___lldiv                   text4        0153
___lldiv@counter           cstackCOMMON 0078
___lldiv@dividend          cstackBANK0  0024
___lldiv@divisor           cstackBANK0  0020
___lldiv@quotient          cstackCOMMON 0074
___sp                      stack        0000
___stackhi                 (abs)        0000
___stacklo                 (abs)        0000
__end_of_ADXL345_READ      text8        02A6
__end_of_ADXL345_WRITE     text6        0368
__end_of_ADXL345_init      text5        033B
__end_of_I2C_Master_Init   text3        02E0
__end_of_I2C_Master_Read   text12       030E
__end_of_I2C_Master_Start  text11       03AE
__end_of_I2C_Master_Stop   text10       03A5
__end_of_I2C_Master_Wait   text13       0392
__end_of_I2C_Master_Write  text9        039C
__end_of___awdiv           text7        0153
__end_of___lldiv           text4        01BB
__end_of__initialization   cinit        001C
__end_of_initUSART         text2        0385
__end_of_isr               text14       0215
__end_of_main              maintext     00EA
__end_of_setup             text1        025F
__initialization           cinit        000F
__pbssBANK0                bssBANK0     0034
__pbssCOMMON               bssCOMMON    007A
__pcstackBANK0             cstackBANK0  0020
__pcstackCOMMON            cstackCOMMON 0070
__pintentry                intentry     0004
__pmaintext                maintext     0020
__pnvBANK0                 nvBANK0      003E
__ptext1                   text1        0215
__ptext10                  text10       039C
__ptext11                  text11       03A5
__ptext12                  text12       02E0
__ptext13                  text13       0385
__ptext14                  text14       01BB
__ptext2                   text2        0368
__ptext3                   text3        02A6
__ptext4                   text4        0153
__ptext5                   text5        030E
__ptext6                   text6        033B
__ptext7                   text7        00EA
__ptext8                   text8        025F
__ptext9                   text9        0392
__size_of_ADXL345_READ     (abs)        0000
__size_of_ADXL345_WRITE    (abs)        0000
__size_of_ADXL345_init     (abs)        0000
__size_of_I2C_Master_Init  (abs)        0000
__size_of_I2C_Master_Read  (abs)        0000
__size_of_I2C_Master_Start (abs)        0000
__size_of_I2C_Master_Stop  (abs)        0000
__size_of_I2C_Master_Wait  (abs)        0000
__size_of_I2C_Master_Write (abs)        0000
__size_of___awdiv          (abs)        0000
__size_of___lldiv          (abs)        0000
__size_of_initUSART        (abs)        0000
__size_of_isr              (abs)        0000
__size_of_main             (abs)        0000
__size_of_setup            (abs)        0000
_bandera                   bssCOMMON    007A
_eje_x                     nvBANK0      003F
_eje_y                     bssBANK0     003D
_eje_z                     bssBANK0     003C
_initUSART                 text2        0368
_isr                       text14       01BB
_main                      maintext     0020
_prueba                    nvBANK0      003E
_setup                     text1        0215
_tx_var                    bssBANK0     0034
_xH                        bssBANK0     003B
_xL                        bssBANK0     003A
_yH                        bssBANK0     0039
_yL                        bssBANK0     0038
_zH                        bssBANK0     0037
_zL                        bssBANK0     0036
btemp                      (abs)        007E
end_of_initialization      cinit        001C
interrupt_function         intentry     0004
intlevel0                  functab      0000
intlevel1                  functab      0000
intlevel2                  functab      0000
intlevel3                  functab      0000
intlevel4                  functab      0000
intlevel5                  functab      0000
reset_vec                  reset_vec    0000
saved_w                    (abs)        007E
start                      init         000C
start_initialization       cinit        000F
wtemp0                     (abs)        007E


FUNCTION INFORMATION:

 *************** function _main *****************
 Defined at:
		line 96 in file "C:/Users/danie/OneDrive/Desktop/DIGITAL2/proyecto2/master.X/main_pic.c"
 Parameters:    Size  Location     Type
		None
 Auto vars:     Size  Location     Type
		None
 Return value:  Size  Location     Type
                  1    wreg      void 
 Registers used:
		wreg, status,2, status,0, pclath, cstack
 Tracked objects:
		On entry : 
		On exit  : 
		Unchanged: 
 Data sizes:     COMMON   BANK0   BANK1   BANK3   BANK2
      Params:         0       0       0       0       0
      Locals:         0       0       0       0       0
      Temps:          0       4       0       0       0
      Totals:         0       4       0       0       0
Total ram usage:        4 bytes
 Hardware stack levels required when called:    6
 This function calls:
		_ADXL345_READ
		___awdiv
		_setup
 This function is called by:
		Startup code after reset
 This function uses a non-reentrant model


 *************** function _setup *****************
 Defined at:
		line 121 in file "C:/Users/danie/OneDrive/Desktop/DIGITAL2/proyecto2/master.X/main_pic.c"
 Parameters:    Size  Location     Type
		None
 Auto vars:     Size  Location     Type
		None
 Return value:  Size  Location     Type
                  1    wreg      void 
 Registers used:
		wreg, status,2, status,0, pclath, cstack
 Tracked objects:
		On entry : 
		On exit  : 
		Unchanged: 
 Data sizes:     COMMON   BANK0   BANK1   BANK3   BANK2
      Params:         0       0       0       0       0
      Locals:         0       0       0       0       0
      Temps:          1       0       0       0       0
      Totals:         1       0       0       0       0
Total ram usage:        1 bytes
 Hardware stack levels used:    1
 Hardware stack levels required when called:    5
 This function calls:
		_ADXL345_init
		_I2C_Master_Init
		_initUSART
 This function is called by:
		_main
 This function uses a non-reentrant model


 *************** function _initUSART *****************
 Defined at:
		line 3 in file "C:/Users/danie/OneDrive/Desktop/DIGITAL2/proyecto2/master.X/USART.c"
 Parameters:    Size  Location     Type
		None
 Auto vars:     Size  Location     Type
		None
 Return value:  Size  Location     Type
                  1    wreg      void 
 Registers used:
		wreg, status,2
 Tracked objects:
		On entry : 
		On exit  : 
		Unchanged: 
 Data sizes:     COMMON   BANK0   BANK1   BANK3   BANK2
      Params:         0       0       0       0       0
      Locals:         0       0       0       0       0
      Temps:          0       0       0       0       0
      Totals:         0       0       0       0       0
Total ram usage:        0 bytes
 Hardware stack levels used:    1
 Hardware stack levels required when called:    1
 This function calls:
		Nothing
 This function is called by:
		_setup
 This function uses a non-reentrant model


 *************** function _I2C_Master_Init *****************
 Defined at:
		line 14 in file "C:/Users/danie/OneDrive/Desktop/DIGITAL2/proyecto2/master.X/I2C.c"
 Parameters:    Size  Location     Type
  c               4    8[BANK0 ] const unsigned long 
 Auto vars:     Size  Location     Type
		None
 Return value:  Size  Location     Type
                  1    wreg      void 
 Registers used:
		wreg, status,2, status,0, pclath, cstack
 Tracked objects:
		On entry : 
		On exit  : 
		Unchanged: 
 Data sizes:     COMMON   BANK0   BANK1   BANK3   BANK2
      Params:         0       4       0       0       0
      Locals:         0       0       0       0       0
      Temps:          0       4       0       0       0
      Totals:         0       8       0       0       0
Total ram usage:        8 bytes
 Hardware stack levels used:    1
 Hardware stack levels required when called:    2
 This function calls:
		___lldiv
 This function is called by:
		_setup
 This function uses a non-reentrant model


 *************** function ___lldiv *****************
 Defined at:
		line 5 in file "C:\Program Files\Microchip\xc8\v2.31\pic\sources\c90\common\__lldiv.c"
 Parameters:    Size  Location     Type
  divisor         4    0[BANK0 ] unsigned long 
  dividend        4    4[BANK0 ] unsigned long 
 Auto vars:     Size  Location     Type
  quotient        4    4[COMMON] unsigned long 
  counter         1    8[COMMON] unsigned char 
 Return value:  Size  Location     Type
                  4    0[BANK0 ] unsigned long 
 Registers used:
		wreg, status,2, status,0
 Tracked objects:
		On entry : 
		On exit  : 
		Unchanged: 
 Data sizes:     COMMON   BANK0   BANK1   BANK3   BANK2
      Params:         0       8       0       0       0
      Locals:         5       0       0       0       0
      Temps:          1       0       0       0       0
      Totals:         6       8       0       0       0
Total ram usage:       14 bytes
 Hardware stack levels used:    1
 Hardware stack levels required when called:    1
 This function calls:
		Nothing
 This function is called by:
		_I2C_Master_Init
 This function uses a non-reentrant model


 *************** function _ADXL345_init *****************
 Defined at:
		line 109 in file "C:/Users/danie/OneDrive/Desktop/DIGITAL2/proyecto2/master.X/I2C.c"
 Parameters:    Size  Location     Type
		None
 Auto vars:     Size  Location     Type
		None
 Return value:  Size  Location     Type
                  1    wreg      void 
 Registers used:
		wreg, status,2, status,0, pclath, cstack
 Tracked objects:
		On entry : 
		On exit  : 
		Unchanged: 
 Data sizes:     COMMON   BANK0   BANK1   BANK3   BANK2
      Params:         0       0       0       0       0
      Locals:         0       0       0       0       0
      Temps:          0       2       0       0       0
      Totals:         0       2       0       0       0
Total ram usage:        2 bytes
 Hardware stack levels used:    1
 Hardware stack levels required when called:    4
 This function calls:
		_ADXL345_WRITE
 This function is called by:
		_setup
 This function uses a non-reentrant model


 *************** function _ADXL345_WRITE *****************
 Defined at:
		line 126 in file "C:/Users/danie/OneDrive/Desktop/DIGITAL2/proyecto2/master.X/I2C.c"
 Parameters:    Size  Location     Type
  var             1    wreg     unsigned char 
  data            1    5[COMMON] unsigned char 
 Auto vars:     Size  Location     Type
  var             1    8[COMMON] unsigned char 
 Return value:  Size  Location     Type
                  1    wreg      void 
 Registers used:
		wreg, status,2, status,0, pclath, cstack
 Tracked objects:
		On entry : 
		On exit  : 
		Unchanged: 
 Data sizes:     COMMON   BANK0   BANK1   BANK3   BANK2
      Params:         1       0       0       0       0
      Locals:         1       0       0       0       0
      Temps:          2       0       0       0       0
      Totals:         4       0       0       0       0
Total ram usage:        4 bytes
 Hardware stack levels used:    1
 Hardware stack levels required when called:    3
 This function calls:
		_I2C_Master_Start
		_I2C_Master_Stop
		_I2C_Master_Write
 This function is called by:
		_ADXL345_init
 This function uses a non-reentrant model


 *************** function ___awdiv *****************
 Defined at:
		line 5 in file "C:\Program Files\Microchip\xc8\v2.31\pic\sources\c90\common\awdiv.c"
 Parameters:    Size  Location     Type
  divisor         2    3[COMMON] int 
  dividend        2    5[COMMON] int 
 Auto vars:     Size  Location     Type
  quotient        2    2[BANK0 ] int 
  sign            1    1[BANK0 ] unsigned char 
  counter         1    0[BANK0 ] unsigned char 
 Return value:  Size  Location     Type
                  2    3[COMMON] int 
 Registers used:
		wreg, status,2, status,0
 Tracked objects:
		On entry : 
		On exit  : 
		Unchanged: 
 Data sizes:     COMMON   BANK0   BANK1   BANK3   BANK2
      Params:         4       0       0       0       0
      Locals:         0       4       0       0       0
      Temps:          1       0       0       0       0
      Totals:         5       4       0       0       0
Total ram usage:        9 bytes
 Hardware stack levels used:    1
 Hardware stack levels required when called:    1
 This function calls:
		Nothing
 This function is called by:
		_main
 This function uses a non-reentrant model


 *************** function _ADXL345_READ *****************
 Defined at:
		line 115 in file "C:/Users/danie/OneDrive/Desktop/DIGITAL2/proyecto2/master.X/I2C.c"
 Parameters:    Size  Location     Type
  var             1    wreg     unsigned char 
 Auto vars:     Size  Location     Type
  var             1    4[BANK0 ] unsigned char 
  leido           2    5[BANK0 ] unsigned short 
 Return value:  Size  Location     Type
                  2    0[BANK0 ] unsigned short 
 Registers used:
		wreg, status,2, status,0, pclath, cstack
 Tracked objects:
		On entry : 
		On exit  : 
		Unchanged: 
 Data sizes:     COMMON   BANK0   BANK1   BANK3   BANK2
      Params:         0       2       0       0       0
      Locals:         0       3       0       0       0
      Temps:          0       2       0       0       0
      Totals:         0       7       0       0       0
Total ram usage:        7 bytes
 Hardware stack levels used:    1
 Hardware stack levels required when called:    3
 This function calls:
		_I2C_Master_Read
		_I2C_Master_Start
		_I2C_Master_Stop
		_I2C_Master_Write
 This function is called by:
		_main
 This function uses a non-reentrant model


 *************** function _I2C_Master_Write *****************
 Defined at:
		line 64 in file "C:/Users/danie/OneDrive/Desktop/DIGITAL2/proyecto2/master.X/I2C.c"
 Parameters:    Size  Location     Type
  d               2    3[COMMON] unsigned int 
 Auto vars:     Size  Location     Type
		None
 Return value:  Size  Location     Type
                  1    wreg      void 
 Registers used:
		wreg, status,2, status,0, pclath, cstack
 Tracked objects:
		On entry : 
		On exit  : 
		Unchanged: 
 Data sizes:     COMMON   BANK0   BANK1   BANK3   BANK2
      Params:         2       0       0       0       0
      Locals:         0       0       0       0       0
      Temps:          0       0       0       0       0
      Totals:         2       0       0       0       0
Total ram usage:        2 bytes
 Hardware stack levels used:    1
 Hardware stack levels required when called:    2
 This function calls:
		_I2C_Master_Wait
 This function is called by:
		_ADXL345_READ
		_ADXL345_WRITE
 This function uses a non-reentrant model


 *************** function _I2C_Master_Stop *****************
 Defined at:
		line 54 in file "C:/Users/danie/OneDrive/Desktop/DIGITAL2/proyecto2/master.X/I2C.c"
 Parameters:    Size  Location     Type
		None
 Auto vars:     Size  Location     Type
		None
 Return value:  Size  Location     Type
                  1    wreg      void 
 Registers used:
		wreg, status,2, status,0, pclath, cstack
 Tracked objects:
		On entry : 
		On exit  : 
		Unchanged: 
 Data sizes:     COMMON   BANK0   BANK1   BANK3   BANK2
      Params:         0       0       0       0       0
      Locals:         0       0       0       0       0
      Temps:          0       0       0       0       0
      Totals:         0       0       0       0       0
Total ram usage:        0 bytes
 Hardware stack levels used:    1
 Hardware stack levels required when called:    2
 This function calls:
		_I2C_Master_Wait
 This function is called by:
		_ADXL345_READ
		_ADXL345_WRITE
 This function uses a non-reentrant model


 *************** function _I2C_Master_Start *****************
 Defined at:
		line 38 in file "C:/Users/danie/OneDrive/Desktop/DIGITAL2/proyecto2/master.X/I2C.c"
 Parameters:    Size  Location     Type
		None
 Auto vars:     Size  Location     Type
		None
 Return value:  Size  Location     Type
                  1    wreg      void 
 Registers used:
		wreg, status,2, status,0, pclath, cstack
 Tracked objects:
		On entry : 
		On exit  : 
		Unchanged: 
 Data sizes:     COMMON   BANK0   BANK1   BANK3   BANK2
      Params:         0       0       0       0       0
      Locals:         0       0       0       0       0
      Temps:          0       0       0       0       0
      Totals:         0       0       0       0       0
Total ram usage:        0 bytes
 Hardware stack levels used:    1
 Hardware stack levels required when called:    2
 This function calls:
		_I2C_Master_Wait
 This function is called by:
		_ADXL345_READ
		_ADXL345_WRITE
 This function uses a non-reentrant model


 *************** function _I2C_Master_Read *****************
 Defined at:
		line 73 in file "C:/Users/danie/OneDrive/Desktop/DIGITAL2/proyecto2/master.X/I2C.c"
 Parameters:    Size  Location     Type
  a               2    3[COMMON] unsigned short 
 Auto vars:     Size  Location     Type
  temp            2    7[COMMON] unsigned short 
 Return value:  Size  Location     Type
                  2    3[COMMON] unsigned short 
 Registers used:
		wreg, status,2, status,0, pclath, cstack
 Tracked objects:
		On entry : 
		On exit  : 
		Unchanged: 
 Data sizes:     COMMON   BANK0   BANK1   BANK3   BANK2
      Params:         2       0       0       0       0
      Locals:         2       0       0       0       0
      Temps:          2       0       0       0       0
      Totals:         6       0       0       0       0
Total ram usage:        6 bytes
 Hardware stack levels used:    1
 Hardware stack levels required when called:    2
 This function calls:
		_I2C_Master_Wait
 This function is called by:
		_ADXL345_READ
 This function uses a non-reentrant model


 *************** function _I2C_Master_Wait *****************
 Defined at:
		line 31 in file "C:/Users/danie/OneDrive/Desktop/DIGITAL2/proyecto2/master.X/I2C.c"
 Parameters:    Size  Location     Type
		None
 Auto vars:     Size  Location     Type
		None
 Return value:  Size  Location     Type
                  1    wreg      void 
 Registers used:
		wreg, status,2
 Tracked objects:
		On entry : 
		On exit  : 
		Unchanged: 
 Data sizes:     COMMON   BANK0   BANK1   BANK3   BANK2
      Params:         0       0       0       0       0
      Locals:         0       0       0       0       0
      Temps:          0       0       0       0       0
      Totals:         0       0       0       0       0
Total ram usage:        0 bytes
 Hardware stack levels used:    1
 Hardware stack levels required when called:    1
 This function calls:
		Nothing
 This function is called by:
		_I2C_Master_Start
		_I2C_Master_Stop
		_I2C_Master_Write
		_I2C_Master_Read
		_I2C_Master_RepeatedStart
 This function uses a non-reentrant model


 *************** function _isr *****************
 Defined at:
		line 58 in file "C:/Users/danie/OneDrive/Desktop/DIGITAL2/proyecto2/master.X/main_pic.c"
 Parameters:    Size  Location     Type
		None
 Auto vars:     Size  Location     Type
		None
 Return value:  Size  Location     Type
                  1    wreg      void 
 Registers used:
		wreg, status,2, status,0
 Tracked objects:
		On entry : 
		On exit  : 
		Unchanged: 
 Data sizes:     COMMON   BANK0   BANK1   BANK3   BANK2
      Params:         0       0       0       0       0
      Locals:         0       0       0       0       0
      Temps:          3       0       0       0       0
      Totals:         3       0       0       0       0
Total ram usage:        3 bytes
 Hardware stack levels used:    1
 This function calls:
		Nothing
 This function is called by:
		Interrupt level 1
 This function uses a non-reentrant model



MODULE INFORMATION

Module		Function		Class		Link	Load	Size
C:\Program Files\Microchip\xc8\v2.31\pic\sources\c90\common\__lldiv.c
		___lldiv       		CODE           	0153	0000	104

C:\Program Files\Microchip\xc8\v2.31\pic\sources\c90\common\__lldiv.c estimated size: 104

C:/Users/danie/OneDrive/Desktop/DIGITAL2/proyecto2/master.X/main_pic.c
		_main          		CODE           	0020	0000	202
		_isr           		CODE           	01BB	0000	90
		_setup         		CODE           	0215	0000	74

C:/Users/danie/OneDrive/Desktop/DIGITAL2/proyecto2/master.X/main_pic.c estimated size: 366

C:\Program Files\Microchip\xc8\v2.31\pic\sources\c90\common\awdiv.c
		___awdiv       		CODE           	00EA	0000	105

C:\Program Files\Microchip\xc8\v2.31\pic\sources\c90\common\awdiv.c estimated size: 105

shared
		__initialization		CODE           	000F	0000	13

shared estimated size: 13

C:/Users/danie/OneDrive/Desktop/DIGITAL2/proyecto2/master.X/USART.c
		_initUSART     		CODE           	0368	0000	29

C:/Users/danie/OneDrive/Desktop/DIGITAL2/proyecto2/master.X/USART.c estimated size: 29

C:/Users/danie/OneDrive/Desktop/DIGITAL2/proyecto2/master.X/I2C.c
		_I2C_Master_Read		CODE           	02E0	0000	46
		_I2C_Master_Wait		CODE           	0385	0000	13
		_I2C_Master_Init		CODE           	02A6	0000	58
		_I2C_Master_Stop		CODE           	039C	0000	9
		_ADXL345_READ  		CODE           	025F	0000	71
		_ADXL345_init  		CODE           	030E	0000	45
		_ADXL345_WRITE 		CODE           	033B	0000	45
		_I2C_Master_Write		CODE           	0392	0000	10
		_I2C_Master_Start		CODE           	03A5	0000	9

C:/Users/danie/OneDrive/Desktop/DIGITAL2/proyecto2/master.X/I2C.c estimated size: 306

