Microchip MPLAB XC8 Compiler V2.31

Linker command line:

-W-3 --edf=C:\Program Files\Microchip\xc8\v2.31\pic\dat\en_msgs.txt -cn \
  -h+dist/default/production\master.X.production.sym \
  --cmf=dist/default/production\master.X.production.cmf -z -Q16F887 \
  -oC:\Users\danie\AppData\Local\Temp\sd1k.2 --defsym=__MPLAB_BUILD=1 \
  -Mdist/default/production/master.X.production.map -E1 -ver=XC8 Compiler \
  --acfsm=1493 -ASTACK=0110h-016Fh -pstack=STACK -ACODE=00h-07FFhx4 \
  -ASTRCODE=00h-01FFFh -ASTRING=00h-0FFhx32 -ACONST=00h-0FFhx32 \
  -AENTRY=00h-0FFhx32 -ACOMMON=070h-07Fh -ABANK0=020h-06Fh \
  -ABANK1=0A0h-0EFh -ABANK2=0110h-016Fh -ABANK3=0190h-01EFh \
  -ARAM=020h-06Fh,0A0h-0EFh,0110h-016Fh,0190h-01EFh \
  -AABS1=020h-07Fh,0A0h-0EFh,0110h-016Fh,0190h-01EFh -ASFR0=00h-01Fh \
  -ASFR1=080h-09Fh -ASFR2=0100h-010Fh -ASFR3=0180h-018Fh \
  -ACONFIG=02007h-02008h -DCONFIG=2 -AIDLOC=02000h-02003h -DIDLOC=2 \
  -AEEDATA=00h-0FFh/02100h -peeprom_data=EEDATA -DEEDATA=2 -DCODE=2 \
  -DSTRCODE=2 -DSTRING=2 -DCONST=2 -DENTRY=2 \
  -preset_vec=00h,intentry,init,end_init -ppowerup=CODE -pcinit=CODE \
  -pfunctab=ENTRY -k C:\Users\danie\AppData\Local\Temp\sd1k.o \
  dist/default/production\master.X.production.o 

Object code version is 3.11

Machine type is 16F887



                Name                               Link     Load   Length Selector   Space Scale
C:\Users\danie\AppData\Local\Temp\sd1k.o
                end_init                              0        0        3        0       0
                config                             2007     2007        2        0       4
dist/default/production\master.X.production.o
                cinit                               7F9      7F9        7      FF2       0
                config                             2007     2007        2        0       4
                text12                              5E0      5E0        6      BC0       0
                text11                              627      627       1A      C4E       0
                text10                              6A7      6A7       55      D4E       0
                text9                               65E      65E       24      CBC       0
                text8                               5FC      5FC       15      BF8       0
                text7                               682      682       25      D04       0
                text6                               641      641       1D      C82       0
                text5                               611      611       16      C22       0
                text4                               773      773       86      EE6       0
                text3                               5EC      5EC        7      BD8       0
                text2                               5F3      5F3        9      BE6       0
                text1                               5E6      5E6        6      BCC       0
                maintext                            6FC      6FC       77      DF8       0
                cstackCOMMON                         70       70        B       70       1
                bssCOMMON                            7B       7B        3       70       1
                strings                               3        3       14        6       0

TOTAL           Name                               Link     Load   Length     Space
        CLASS   STACK          

        CLASS   CODE           
                end_init                              0        0        3         0
                cinit                               7F9      7F9        7         0
                text12                              5E0      5E0        6         0
                text11                              627      627       1A         0
                text10                              6A7      6A7       55         0
                text9                               65E      65E       24         0
                text8                               5FC      5FC       15         0
                text7                               682      682       25         0
                text6                               641      641       1D         0
                text5                               611      611       16         0
                text4                               773      773       86         0
                text3                               5EC      5EC        7         0
                text2                               5F3      5F3        9         0
                text1                               5E6      5E6        6         0
                maintext                            6FC      6FC       77         0

        CLASS   STRCODE        

        CLASS   STRING         
                strings                               3        3       14         0

        CLASS   CONST          

        CLASS   ENTRY          

        CLASS   COMMON         
                cstackCOMMON                         70       70        B         1
                bssCOMMON                            7B       7B        3         1

        CLASS   BANK0          

        CLASS   BANK1          

        CLASS   BANK2          

        CLASS   BANK3          

        CLASS   RAM            

        CLASS   ABS1           
                abs_s1                               7E       7E        2         1

        CLASS   SFR0           

        CLASS   SFR1           

        CLASS   SFR2           

        CLASS   SFR3           

        CLASS   CONFIG         
                config                             2007     2007        2         4

        CLASS   IDLOC          

        CLASS   EEDATA         



SEGMENTS        Name                           Load    Length   Top    Selector   Space  Class     Delta

                reset_vec                      000000  000003  000003         0       0  CODE        2
                strings                        000003  000014  000017         6       0  STRING      2
                cstackCOMMON                   000070  00000E  00007E        70       1  COMMON      1
                text12                         0005E0  000006  0005E6       BC0       0  CODE        2
                text1                          0005E6  000006  0005EC       BCC       0  CODE        2
                text3                          0005EC  000007  0005F3       BD8       0  CODE        2
                text2                          0005F3  000009  0005FC       BE6       0  CODE        2
                text8                          0005FC  000015  000611       BF8       0  CODE        2
                text5                          000611  000016  000627       C22       0  CODE        2
                text11                         000627  00001A  000641       C4E       0  CODE        2
                text6                          000641  00001D  00065E       C82       0  CODE        2
                text9                          00065E  000024  000682       CBC       0  CODE        2
                text7                          000682  000025  0006A7       D04       0  CODE        2
                text10                         0006A7  000055  0006FC       D4E       0  CODE        2
                maintext                       0006FC  000077  000773       DF8       0  CODE        2
                text4                          000773  000086  0007F9       EE6       0  CODE        2
                cinit                          0007F9  000007  000800       FF2       0  CODE        2


UNUSED ADDRESS RANGES

        Name                Unused          Largest block    Delta
        BANK0            0020-006F             50           1
        BANK1            00A0-00EF             50           1
        BANK2            0110-016F             60           1
        BANK3            0190-01EF             60           1
        CODE             0017-05DF            5C9           2
                         0800-1FFF            800
        CONST            0017-05DF            100           2
                         0800-1FFF            100
        EEDATA           2100-21FF            100           2
        ENTRY            0017-05DF            100           2
                         0800-1FFF            100
        IDLOC            2000-2003              4           2
        RAM              0020-006F             50           1
                         00A0-00EF             50
                         0110-016F             60
                         0190-01EF             60
        SFR0             0000-001F             20           1
        SFR1             0080-009F             20           1
        SFR2             0100-010F             10           1
        SFR3             0180-018F             10           1
        STACK            0110-016F             60           1
        STRCODE          0017-05DF            5C9           2
                         0800-1FFF           1800
        STRING           0017-05DF            100           2
                         0800-1FFF            100

                                  Symbol Table

Lcd_Cmd@a                  cstackCOMMON 0073
Lcd_Port@a                 cstackCOMMON 0070
Lcd_Set_Cursor@a           cstackCOMMON 0076
Lcd_Set_Cursor@b           cstackCOMMON 0074
Lcd_Set_Cursor@temp        cstackCOMMON 0077
Lcd_Write_Char@a           cstackCOMMON 0072
Lcd_Write_String@a         cstackCOMMON 0075
Lcd_Write_String@i         cstackCOMMON 0073
_ADC                       bssCOMMON    007D
_ANSEL                     (abs)        0188
_ANSELH                    (abs)        0189
_BAUDCTLbits               (abs)        0187
_INTCONbits                (abs)        000B
_Lcd_Cmd                   text11       0627
_Lcd_Init                  text10       06A7
_Lcd_Port                  text12       05E0
_Lcd_Set_Cursor            text9        065E
_Lcd_Write_Char            text8        05FC
_Lcd_Write_String          text7        0682
_PIE1bits                  (abs)        008C
_PORTB                     (abs)        0006
_PORTCbits                 (abs)        0007
_PORTD                     (abs)        0008
_PORTE                     (abs)        0009
_RCSTAbits                 (abs)        0018
_RE0                       (abs)        0048
_RE1                       (abs)        0049
_SPBRG                     (abs)        0099
_SPBRGH                    (abs)        009A
_SSPBUF                    (abs)        0013
_SSPCON                    (abs)        0014
_SSPSTAT                   (abs)        0094
_SSPSTATbits               (abs)        0094
_TRISB                     (abs)        0086
_TRISC0                    (abs)        0438
_TRISC1                    (abs)        0439
_TRISC2                    (abs)        043A
_TRISC3                    (abs)        043B
_TRISC5                    (abs)        043D
_TRISCbits                 (abs)        0087
_TRISD                     (abs)        0088
_TRISE                     (abs)        0089
_TXSTAbits                 (abs)        0098
__Habs1                    abs1         0000
__Hbank0                   bank0        0000
__Hbank1                   bank1        0000
__Hbank2                   bank2        0000
__Hbank3                   bank3        0000
__HbssCOMMON               bssCOMMON    0000
__Hcinit                   cinit        0800
__Hclrtext                 clrtext      0000
__Hcode                    code         0000
__Hcommon                  common       0000
__Hconfig                  config       2009
__HcstackCOMMON            cstackCOMMON 0000
__Heeprom_data             eeprom_data  0000
__Hend_init                end_init     0003
__Hfunctab                 functab      0000
__Hinit                    init         0000
__Hintentry                intentry     0000
__Hmaintext                maintext     0000
__Hpowerup                 powerup      0000
__Hram                     ram          0000
__Hreset_vec               reset_vec    0000
__Hsfr0                    sfr0         0000
__Hsfr1                    sfr1         0000
__Hsfr2                    sfr2         0000
__Hsfr3                    sfr3         0000
__Hspace_0                 (abs)        0800
__Hspace_1                 (abs)        007E
__Hspace_2                 (abs)        0000
__Hspace_3                 (abs)        0000
__Hspace_4                 (abs)        4010
__Hstack                   stack        0000
__Hstrings                 strings      0000
__Htext                    text         0000
__Labs1                    abs1         0000
__Lbank0                   bank0        0000
__Lbank1                   bank1        0000
__Lbank2                   bank2        0000
__Lbank3                   bank3        0000
__LbssCOMMON               bssCOMMON    0000
__Lcinit                   cinit        07F9
__Lclrtext                 clrtext      0000
__Lcode                    code         0000
__Lcommon                  common       0000
__Lconfig                  config       0000
__LcstackCOMMON            cstackCOMMON 0000
__Leeprom_data             eeprom_data  0000
__Lend_init                end_init     0000
__Lfunctab                 functab      0000
__Linit                    init         0000
__Lintentry                intentry     0000
__Lmaintext                maintext     0000
__Lpowerup                 powerup      0000
__Lram                     ram          0000
__Lreset_vec               reset_vec    0000
__Lsfr0                    sfr0         0000
__Lsfr1                    sfr1         0000
__Lsfr2                    sfr2         0000
__Lsfr3                    sfr3         0000
__Lspace_0                 (abs)        0000
__Lspace_1                 (abs)        0000
__Lspace_2                 (abs)        0000
__Lspace_3                 (abs)        0000
__Lspace_4                 (abs)        0000
__Lstack                   stack        0000
__Lstrings                 strings      0000
__Ltext                    text         0000
__S0                       (abs)        0800
__S1                       (abs)        007E
__S2                       (abs)        0000
__S3                       (abs)        0000
___int_sp                  stack        0000
___latbits                 (abs)        0002
___sp                      stack        0000
___stackhi                 (abs)        0000
___stacklo                 (abs)        0000
__end_of_Lcd_Cmd           text11       0641
__end_of_Lcd_Init          text10       06FC
__end_of_Lcd_Port          text12       05E6
__end_of_Lcd_Set_Cursor    text9        0682
__end_of_Lcd_Write_Char    text8        0611
__end_of_Lcd_Write_String  text7        06A7
__end_of__initialization   cinit        07FC
__end_of__stringtab        strings      0009
__end_of_initUSART         text6        065E
__end_of_main              maintext     0773
__end_of_setup             text4        07F9
__end_of_spiInit           text5        0627
__end_of_spiRead           text2        05FC
__end_of_spiReceiveWait    text3        05F3
__end_of_spiWrite          text1        05EC
__initialization           cinit        07F9
__pbssCOMMON               bssCOMMON    007B
__pcstackCOMMON            cstackCOMMON 0070
__pmaintext                maintext     06FC
__pstrings                 strings      0003
__ptext1                   text1        05E6
__ptext10                  text10       06A7
__ptext11                  text11       0627
__ptext12                  text12       05E0
__ptext2                   text2        05F3
__ptext3                   text3        05EC
__ptext4                   text4        0773
__ptext5                   text5        0611
__ptext6                   text6        0641
__ptext7                   text7        0682
__ptext8                   text8        05FC
__ptext9                   text9        065E
__size_of_Lcd_Cmd          (abs)        0000
__size_of_Lcd_Init         (abs)        0000
__size_of_Lcd_Port         (abs)        0000
__size_of_Lcd_Set_Cursor   (abs)        0000
__size_of_Lcd_Write_Char   (abs)        0000
__size_of_Lcd_Write_String (abs)        0000
__size_of_initUSART        (abs)        0000
__size_of_main             (abs)        0000
__size_of_setup            (abs)        0000
__size_of_spiInit          (abs)        0000
__size_of_spiRead          (abs)        0000
__size_of_spiReceiveWait   (abs)        0000
__size_of_spiWrite         (abs)        0000
__stringbase               strings      0008
__stringtab                strings      0003
_contador                  bssCOMMON    007C
_initUSART                 text6        0641
_main                      maintext     06FC
_setup                     text4        0773
_spiInit                   text5        0611
_spiRead                   text2        05F3
_spiReceiveWait            text3        05EC
_spiWrite                  text1        05E6
_temperatura               bssCOMMON    007B
btemp                      (abs)        007E
end_of_initialization      cinit        07FC
intlevel0                  functab      0000
intlevel1                  functab      0000
intlevel2                  functab      0000
intlevel3                  functab      0000
intlevel4                  functab      0000
intlevel5                  functab      0000
reset_vec                  reset_vec    0000
spiInit@sClockIdle         cstackCOMMON 0071
spiInit@sDataSample        cstackCOMMON 0070
spiInit@sTransmitEdge      cstackCOMMON 0072
spiInit@sType              cstackCOMMON 0073
spiWrite@variable          cstackCOMMON 0070
start                      init         0000
start_initialization       cinit        07F9
wtemp0                     (abs)        007E


FUNCTION INFORMATION:

 *************** function _main *****************
 Defined at:
		line 49 in file "C:/Users/danie/OneDrive/Desktop/DIGITAL2/proyecto/master.X/master.c"
 Parameters:    Size  Location     Type
		None
 Auto vars:     Size  Location     Type
		None
 Return value:  Size  Location     Type
                  1    wreg      void 
 Registers used:
		wreg, fsr0l, fsr0h, status,2, status,0, pclath, cstack
 Tracked objects:
		On entry : 
		On exit  : 
		Unchanged: 
 Data sizes:     COMMON   BANK0   BANK1   BANK3   BANK2
      Params:         0       0       0       0       0
      Locals:         0       0       0       0       0
      Temps:          2       0       0       0       0
      Totals:         2       0       0       0       0
Total ram usage:        2 bytes
 Hardware stack levels required when called:    4
 This function calls:
		_setup
		_spiRead
		_spiWrite
 This function is called by:
		Startup code after reset
 This function uses a non-reentrant model


 *************** function _spiWrite *****************
 Defined at:
		line 32 in file "C:/Users/danie/OneDrive/Desktop/DIGITAL2/proyecto/master.X/SPI.c"
 Parameters:    Size  Location     Type
  variable        1    wreg     unsigned char 
 Auto vars:     Size  Location     Type
  variable        1    0[COMMON] unsigned char 
 Return value:  Size  Location     Type
                  1    wreg      void 
 Registers used:
		wreg
 Tracked objects:
		On entry : 
		On exit  : 
		Unchanged: 
 Data sizes:     COMMON   BANK0   BANK1   BANK3   BANK2
      Params:         0       0       0       0       0
      Locals:         1       0       0       0       0
      Temps:          0       0       0       0       0
      Totals:         1       0       0       0       0
Total ram usage:        1 bytes
 Hardware stack levels used:    1
 This function calls:
		Nothing
 This function is called by:
		_main
 This function uses a non-reentrant model


 *************** function _spiRead *****************
 Defined at:
		line 44 in file "C:/Users/danie/OneDrive/Desktop/DIGITAL2/proyecto/master.X/SPI.c"
 Parameters:    Size  Location     Type
		None
 Auto vars:     Size  Location     Type
		None
 Return value:  Size  Location     Type
                  1    wreg      unsigned char 
 Registers used:
		wreg, status,2, status,0, pclath, cstack
 Tracked objects:
		On entry : 
		On exit  : 
		Unchanged: 
 Data sizes:     COMMON   BANK0   BANK1   BANK3   BANK2
      Params:         0       0       0       0       0
      Locals:         0       0       0       0       0
      Temps:          0       0       0       0       0
      Totals:         0       0       0       0       0
Total ram usage:        0 bytes
 Hardware stack levels used:    1
 Hardware stack levels required when called:    1
 This function calls:
		_spiReceiveWait
 This function is called by:
		_main
 This function uses a non-reentrant model


 *************** function _spiReceiveWait *****************
 Defined at:
		line 28 in file "C:/Users/danie/OneDrive/Desktop/DIGITAL2/proyecto/master.X/SPI.c"
 Parameters:    Size  Location     Type
		None
 Auto vars:     Size  Location     Type
		None
 Return value:  Size  Location     Type
                  1    wreg      void 
 Registers used:
		None
 Tracked objects:
		On entry : 
		On exit  : 
		Unchanged: 
 Data sizes:     COMMON   BANK0   BANK1   BANK3   BANK2
      Params:         0       0       0       0       0
      Locals:         0       0       0       0       0
      Temps:          0       0       0       0       0
      Totals:         0       0       0       0       0
Total ram usage:        0 bytes
 Hardware stack levels used:    1
 This function calls:
		Nothing
 This function is called by:
		_spiRead
 This function uses a non-reentrant model


 *************** function _setup *****************
 Defined at:
		line 89 in file "C:/Users/danie/OneDrive/Desktop/DIGITAL2/proyecto/master.X/master.c"
 Parameters:    Size  Location     Type
		None
 Auto vars:     Size  Location     Type
		None
 Return value:  Size  Location     Type
                  1    wreg      void 
 Registers used:
		wreg, fsr0l, fsr0h, status,2, status,0, pclath, cstack
 Tracked objects:
		On entry : 
		On exit  : 
		Unchanged: 
 Data sizes:     COMMON   BANK0   BANK1   BANK3   BANK2
      Params:         0       0       0       0       0
      Locals:         0       0       0       0       0
      Temps:          1       0       0       0       0
      Totals:         1       0       0       0       0
Total ram usage:        1 bytes
 Hardware stack levels used:    1
 Hardware stack levels required when called:    3
 This function calls:
		_Lcd_Init
		_Lcd_Set_Cursor
		_Lcd_Write_String
		_initUSART
		_spiInit
 This function is called by:
		_main
 This function uses a non-reentrant model


 *************** function _spiInit *****************
 Defined at:
		line 10 in file "C:/Users/danie/OneDrive/Desktop/DIGITAL2/proyecto/master.X/SPI.c"
 Parameters:    Size  Location     Type
  sType           1    wreg     enum E1264
  sDataSample     1    0[COMMON] enum E1276
  sClockIdle      1    1[COMMON] enum E1272
  sTransmitEdg    1    2[COMMON] enum E1280
 Auto vars:     Size  Location     Type
  sType           1    3[COMMON] enum E1264
 Return value:  Size  Location     Type
                  1    wreg      void 
 Registers used:
		wreg, status,2, status,0
 Tracked objects:
		On entry : 
		On exit  : 
		Unchanged: 
 Data sizes:     COMMON   BANK0   BANK1   BANK3   BANK2
      Params:         3       0       0       0       0
      Locals:         1       0       0       0       0
      Temps:          0       0       0       0       0
      Totals:         4       0       0       0       0
Total ram usage:        4 bytes
 Hardware stack levels used:    1
 This function calls:
		Nothing
 This function is called by:
		_setup
 This function uses a non-reentrant model


 *************** function _initUSART *****************
 Defined at:
		line 3 in file "C:/Users/danie/OneDrive/Desktop/DIGITAL2/proyecto/master.X/USART.c"
 Parameters:    Size  Location     Type
		None
 Auto vars:     Size  Location     Type
		None
 Return value:  Size  Location     Type
                  1    wreg      void 
 Registers used:
		wreg, status,2
 Tracked objects:
		On entry : 
		On exit  : 
		Unchanged: 
 Data sizes:     COMMON   BANK0   BANK1   BANK3   BANK2
      Params:         0       0       0       0       0
      Locals:         0       0       0       0       0
      Temps:          0       0       0       0       0
      Totals:         0       0       0       0       0
Total ram usage:        0 bytes
 Hardware stack levels used:    1
 This function calls:
		Nothing
 This function is called by:
		_setup
 This function uses a non-reentrant model


 *************** function _Lcd_Write_String *****************
 Defined at:
		line 72 in file "C:/Users/danie/OneDrive/Desktop/DIGITAL2/proyecto/master.X/lcd.c"
 Parameters:    Size  Location     Type
  a               1    wreg     PTR unsigned char 
		 -> STR_6(5), STR_5(3), STR_4(5), STR_3(3), 
		 -> STR_2(5), STR_1(3), 
 Auto vars:     Size  Location     Type
  a               1    5[COMMON] PTR unsigned char 
		 -> STR_6(5), STR_5(3), STR_4(5), STR_3(3), 
		 -> STR_2(5), STR_1(3), 
  i               2    3[COMMON] int 
 Return value:  Size  Location     Type
                  1    wreg      void 
 Registers used:
		wreg, fsr0l, fsr0h, status,2, status,0, pclath, cstack
 Tracked objects:
		On entry : 
		On exit  : 
		Unchanged: 
 Data sizes:     COMMON   BANK0   BANK1   BANK3   BANK2
      Params:         0       0       0       0       0
      Locals:         3       0       0       0       0
      Temps:          0       0       0       0       0
      Totals:         3       0       0       0       0
Total ram usage:        3 bytes
 Hardware stack levels used:    1
 Hardware stack levels required when called:    2
 This function calls:
		_Lcd_Write_Char
 This function is called by:
		_setup
 This function uses a non-reentrant model


 *************** function _Lcd_Write_Char *****************
 Defined at:
		line 63 in file "C:/Users/danie/OneDrive/Desktop/DIGITAL2/proyecto/master.X/lcd.c"
 Parameters:    Size  Location     Type
  a               1    wreg     unsigned char 
 Auto vars:     Size  Location     Type
  a               1    2[COMMON] unsigned char 
 Return value:  Size  Location     Type
                  1    wreg      void 
 Registers used:
		wreg, status,2, status,0, pclath, cstack
 Tracked objects:
		On entry : 
		On exit  : 
		Unchanged: 
 Data sizes:     COMMON   BANK0   BANK1   BANK3   BANK2
      Params:         0       0       0       0       0
      Locals:         1       0       0       0       0
      Temps:          1       0       0       0       0
      Totals:         2       0       0       0       0
Total ram usage:        2 bytes
 Hardware stack levels used:    1
 Hardware stack levels required when called:    1
 This function calls:
		_Lcd_Port
 This function is called by:
		_Lcd_Write_String
 This function uses a non-reentrant model


 *************** function _Lcd_Set_Cursor *****************
 Defined at:
		line 30 in file "C:/Users/danie/OneDrive/Desktop/DIGITAL2/proyecto/master.X/lcd.c"
 Parameters:    Size  Location     Type
  a               1    wreg     unsigned char 
  b               1    4[COMMON] unsigned char 
 Auto vars:     Size  Location     Type
  a               1    6[COMMON] unsigned char 
  temp            1    7[COMMON] unsigned char 
  y               1    0        unsigned char 
  z               1    0        unsigned char 
 Return value:  Size  Location     Type
                  1    wreg      void 
 Registers used:
		wreg, status,2, status,0, pclath, cstack
 Tracked objects:
		On entry : 
		On exit  : 
		Unchanged: 
 Data sizes:     COMMON   BANK0   BANK1   BANK3   BANK2
      Params:         1       0       0       0       0
      Locals:         2       0       0       0       0
      Temps:          1       0       0       0       0
      Totals:         4       0       0       0       0
Total ram usage:        4 bytes
 Hardware stack levels used:    1
 Hardware stack levels required when called:    2
 This function calls:
		_Lcd_Cmd
 This function is called by:
		_setup
 This function uses a non-reentrant model


 *************** function _Lcd_Init *****************
 Defined at:
		line 45 in file "C:/Users/danie/OneDrive/Desktop/DIGITAL2/proyecto/master.X/lcd.c"
 Parameters:    Size  Location     Type
		None
 Auto vars:     Size  Location     Type
		None
 Return value:  Size  Location     Type
                  1    wreg      void 
 Registers used:
		wreg, status,2, status,0, pclath, cstack
 Tracked objects:
		On entry : 
		On exit  : 
		Unchanged: 
 Data sizes:     COMMON   BANK0   BANK1   BANK3   BANK2
      Params:         0       0       0       0       0
      Locals:         0       0       0       0       0
      Temps:          2       0       0       0       0
      Totals:         2       0       0       0       0
Total ram usage:        2 bytes
 Hardware stack levels used:    1
 Hardware stack levels required when called:    2
 This function calls:
		_Lcd_Cmd
		_Lcd_Port
 This function is called by:
		_setup
 This function uses a non-reentrant model


 *************** function _Lcd_Cmd *****************
 Defined at:
		line 16 in file "C:/Users/danie/OneDrive/Desktop/DIGITAL2/proyecto/master.X/lcd.c"
 Parameters:    Size  Location     Type
  a               1    wreg     unsigned char 
 Auto vars:     Size  Location     Type
  a               1    3[COMMON] unsigned char 
 Return value:  Size  Location     Type
                  1    wreg      void 
 Registers used:
		wreg, status,2, status,0, pclath, cstack
 Tracked objects:
		On entry : 
		On exit  : 
		Unchanged: 
 Data sizes:     COMMON   BANK0   BANK1   BANK3   BANK2
      Params:         0       0       0       0       0
      Locals:         1       0       0       0       0
      Temps:          2       0       0       0       0
      Totals:         3       0       0       0       0
Total ram usage:        3 bytes
 Hardware stack levels used:    1
 Hardware stack levels required when called:    1
 This function calls:
		_Lcd_Port
 This function is called by:
		_Lcd_Set_Cursor
		_Lcd_Init
		_Lcd_Shift_Right
		_Lcd_Shift_Left
 This function uses a non-reentrant model


 *************** function _Lcd_Port *****************
 Defined at:
		line 12 in file "C:/Users/danie/OneDrive/Desktop/DIGITAL2/proyecto/master.X/lcd.c"
 Parameters:    Size  Location     Type
  a               1    wreg     unsigned char 
 Auto vars:     Size  Location     Type
  a               1    0[COMMON] unsigned char 
 Return value:  Size  Location     Type
                  1    wreg      void 
 Registers used:
		wreg
 Tracked objects:
		On entry : 
		On exit  : 
		Unchanged: 
 Data sizes:     COMMON   BANK0   BANK1   BANK3   BANK2
      Params:         0       0       0       0       0
      Locals:         1       0       0       0       0
      Temps:          0       0       0       0       0
      Totals:         1       0       0       0       0
Total ram usage:        1 bytes
 Hardware stack levels used:    1
 This function calls:
		Nothing
 This function is called by:
		_Lcd_Cmd
		_Lcd_Init
		_Lcd_Write_Char
 This function uses a non-reentrant model



MODULE INFORMATION

Module		Function		Class		Link	Load	Size
C:/Users/danie/OneDrive/Desktop/DIGITAL2/proyecto/master.X/USART.c
		_initUSART     		CODE           	0641	0000	29

C:/Users/danie/OneDrive/Desktop/DIGITAL2/proyecto/master.X/USART.c estimated size: 29

C:/Users/danie/OneDrive/Desktop/DIGITAL2/proyecto/master.X/master.c
		_main          		CODE           	06FC	0000	119
		_setup         		CODE           	0773	0000	134

C:/Users/danie/OneDrive/Desktop/DIGITAL2/proyecto/master.X/master.c estimated size: 253

C:/Users/danie/OneDrive/Desktop/DIGITAL2/proyecto/master.X/lcd.c
		_Lcd_Write_String		CODE           	0682	0000	37
		_Lcd_Init      		CODE           	06A7	0000	85
		_Lcd_Write_Char		CODE           	05FC	0000	21
		_Lcd_Cmd       		CODE           	0627	0000	26
		_Lcd_Set_Cursor		CODE           	065E	0000	36
		_Lcd_Port      		CODE           	05E0	0000	6

C:/Users/danie/OneDrive/Desktop/DIGITAL2/proyecto/master.X/lcd.c estimated size: 211

shared
		__stringtab    		STRING         	0003	0000	6
		__initialization		CODE           	07F9	0000	3

shared estimated size: 9

C:/Users/danie/OneDrive/Desktop/DIGITAL2/proyecto/master.X/SPI.c
		_spiWrite      		CODE           	05E6	0000	6
		_spiInit       		CODE           	0611	0000	22
		_spiReceiveWait		CODE           	05EC	0000	7
		_spiRead       		CODE           	05F3	0000	9

C:/Users/danie/OneDrive/Desktop/DIGITAL2/proyecto/master.X/SPI.c estimated size: 44

